15:24:50 **** Incremental Build of configuration Debug for project xaxidma_example_simple_poll_2 ****
make all 
'Building file: ../src/xaxidma_example_simple_poll.c'
'Invoking: ARM v8 gcc compiler'
aarch64-none-elf-gcc -Wall -O0 -g3 -c -fmessage-length=0 -MT"src/xaxidma_example_simple_poll.o" -IE:/NekrasovVladiimir/Training/17_dma_loopback/vitis/design_1_wrapper/export/design_1_wrapper/sw/design_1_wrapper/standalone_psu_cortexa53_0/bspinclude/include -MMD -MP -MF"src/xaxidma_example_simple_poll.d" -MT"src/xaxidma_example_simple_poll.o" -o "src/xaxidma_example_simple_poll.o" "../src/xaxidma_example_simple_poll.c"
'Finished building: ../src/xaxidma_example_simple_poll.c'
' '
'Building target: xaxidma_example_simple_poll_2.elf'
'Invoking: ARM v8 gcc linker'
aarch64-none-elf-gcc -Wl,-T -Wl,../src/lscript.ld -LE:/NekrasovVladiimir/Training/17_dma_loopback/vitis/design_1_wrapper/export/design_1_wrapper/sw/design_1_wrapper/standalone_psu_cortexa53_0/bsplib/lib -o "xaxidma_example_simple_poll_2.elf"  ./src/xaxidma_example_simple_poll.o   -Wl,--start-group,-lxil,-lgcc,-lc,--end-group
'Finished building target: xaxidma_example_simple_poll_2.elf'
' '
'Invoking: ARM v8 Print Size'
aarch64-none-elf-size xaxidma_example_simple_poll_2.elf  |tee "xaxidma_example_simple_poll_2.elf.size"
   text	   data	    bss	    dec	    hex	filename
  32796	   2048	  20684	  55528	   d8e8	xaxidma_example_simple_poll_2.elf
'Finished building: xaxidma_example_simple_poll_2.elf.size'
' '

15:24:51 Build Finished (took 837ms)

